Classic Timing Analyzer report for code_aff
Mon Feb 01 17:51:35 2016
Quartus II Version 9.1 Build 222 10/21/2009 SJ Web Edition


---------------------
; Table of Contents ;
---------------------
  1. Legal Notice
  2. Timing Analyzer Summary
  3. Timing Analyzer Settings
  4. Parallel Compilation
  5. tpd
  6. Timing Analyzer Messages



----------------
; Legal Notice ;
----------------
Copyright (C) 1991-2009 Altera Corporation
Your use of Altera Corporation's design tools, logic functions 
and other software and tools, and its AMPP partner logic 
functions, and any output files from any of the foregoing 
(including device programming or simulation files), and any 
associated documentation or information are expressly subject 
to the terms and conditions of the Altera Program License 
Subscription Agreement, Altera MegaCore Function License 
Agreement, or other applicable license agreement, including, 
without limitation, that your use is for the sole purpose of 
programming logic devices manufactured by Altera and sold by 
Altera or its authorized distributors.  Please refer to the 
applicable agreement for further details.



+--------------------------------------------------------------------------------------------------------------------------+
; Timing Analyzer Summary                                                                                                  ;
+------------------------------+-------+---------------+-------------+---------+----+------------+----------+--------------+
; Type                         ; Slack ; Required Time ; Actual Time ; From    ; To ; From Clock ; To Clock ; Failed Paths ;
+------------------------------+-------+---------------+-------------+---------+----+------------+----------+--------------+
; Worst-case tpd               ; N/A   ; None          ; 10.442 ns   ; req1[2] ; c1 ; --         ; --       ; 0            ;
; Total number of failed paths ;       ;               ;             ;         ;    ;            ;          ; 0            ;
+------------------------------+-------+---------------+-------------+---------+----+------------+----------+--------------+


+-----------------------------------------------------------------------------------------------------------------------------------------------------+
; Timing Analyzer Settings                                                                                                                            ;
+------------------------------------------------------------------------------------------------------+--------------------+------+----+-------------+
; Option                                                                                               ; Setting            ; From ; To ; Entity Name ;
+------------------------------------------------------------------------------------------------------+--------------------+------+----+-------------+
; Device Name                                                                                          ; EP2C20F484C7       ;      ;    ;             ;
; Timing Models                                                                                        ; Final              ;      ;    ;             ;
; Default hold multicycle                                                                              ; Same as Multicycle ;      ;    ;             ;
; Cut paths between unrelated clock domains                                                            ; On                 ;      ;    ;             ;
; Cut off read during write signal paths                                                               ; On                 ;      ;    ;             ;
; Cut off feedback from I/O pins                                                                       ; On                 ;      ;    ;             ;
; Report Combined Fast/Slow Timing                                                                     ; Off                ;      ;    ;             ;
; Ignore Clock Settings                                                                                ; Off                ;      ;    ;             ;
; Analyze latches as synchronous elements                                                              ; On                 ;      ;    ;             ;
; Enable Recovery/Removal analysis                                                                     ; Off                ;      ;    ;             ;
; Enable Clock Latency                                                                                 ; Off                ;      ;    ;             ;
; Use TimeQuest Timing Analyzer                                                                        ; Off                ;      ;    ;             ;
; Minimum Core Junction Temperature                                                                    ; 0                  ;      ;    ;             ;
; Maximum Core Junction Temperature                                                                    ; 85                 ;      ;    ;             ;
; Number of source nodes to report per destination node                                                ; 10                 ;      ;    ;             ;
; Number of destination nodes to report                                                                ; 10                 ;      ;    ;             ;
; Number of paths to report                                                                            ; 200                ;      ;    ;             ;
; Report Minimum Timing Checks                                                                         ; Off                ;      ;    ;             ;
; Use Fast Timing Models                                                                               ; Off                ;      ;    ;             ;
; Report IO Paths Separately                                                                           ; Off                ;      ;    ;             ;
; Perform Multicorner Analysis                                                                         ; On                 ;      ;    ;             ;
; Reports the worst-case path for each clock domain and analysis                                       ; Off                ;      ;    ;             ;
; Reports worst-case timing paths for each clock domain and analysis                                   ; On                 ;      ;    ;             ;
; Specifies the maximum number of worst-case timing paths to report for each clock domain and analysis ; 100                ;      ;    ;             ;
; Removes common clock path pessimism (CCPP) during slack computation                                  ; Off                ;      ;    ;             ;
; Output I/O Timing Endpoint                                                                           ; Near End           ;      ;    ;             ;
+------------------------------------------------------------------------------------------------------+--------------------+------+----+-------------+


Parallel compilation was disabled, but you have multiple processors available. Enable parallel compilation to reduce compilation time.
+-------------------------------------+
; Parallel Compilation                ;
+----------------------------+--------+
; Processors                 ; Number ;
+----------------------------+--------+
; Number detected on machine ; 2      ;
; Maximum allowed            ; 1      ;
+----------------------------+--------+


+-----------------------------------------------------------------+
; tpd                                                             ;
+-------+-------------------+-----------------+---------+---------+
; Slack ; Required P2P Time ; Actual P2P Time ; From    ; To      ;
+-------+-------------------+-----------------+---------+---------+
; N/A   ; None              ; 10.442 ns       ; req1[2] ; c1      ;
; N/A   ; None              ; 10.188 ns       ; req1[2] ; d1      ;
; N/A   ; None              ; 10.185 ns       ; req1[1] ; c1      ;
; N/A   ; None              ; 10.183 ns       ; req1[2] ; g1      ;
; N/A   ; None              ; 10.168 ns       ; req1[2] ; a1      ;
; N/A   ; None              ; 10.071 ns       ; req1[3] ; c1      ;
; N/A   ; None              ; 9.837 ns        ; req1[3] ; d1      ;
; N/A   ; None              ; 9.832 ns        ; req1[3] ; g1      ;
; N/A   ; None              ; 9.817 ns        ; req1[3] ; a1      ;
; N/A   ; None              ; 9.550 ns        ; req1[2] ; b1      ;
; N/A   ; None              ; 9.323 ns        ; req1[1] ; b1      ;
; N/A   ; None              ; 9.207 ns        ; req1[3] ; b1      ;
; N/A   ; None              ; 8.641 ns        ; req1[2] ; e1      ;
; N/A   ; None              ; 8.627 ns        ; req1[2] ; bout[1] ;
; N/A   ; None              ; 8.276 ns        ; req1[3] ; bout[1] ;
; N/A   ; None              ; 8.260 ns        ; req1[3] ; e1      ;
; N/A   ; None              ; 5.753 ns        ; req1[2] ; bout[0] ;
; N/A   ; None              ; 5.496 ns        ; req1[1] ; bout[0] ;
; N/A   ; None              ; 5.382 ns        ; req1[3] ; bout[0] ;
+-------+-------------------+-----------------+---------+---------+


+--------------------------+
; Timing Analyzer Messages ;
+--------------------------+
Info: *******************************************************************
Info: Running Quartus II Classic Timing Analyzer
    Info: Version 9.1 Build 222 10/21/2009 SJ Web Edition
    Info: Processing started: Mon Feb 01 17:51:35 2016
Info: Command: quartus_tan --read_settings_files=off --write_settings_files=off code_aff -c code_aff --timing_analysis_only
Info: Longest tpd from source pin "req1[2]" to destination pin "c1" is 10.442 ns
    Info: 1: + IC(0.000 ns) + CELL(1.026 ns) = 1.026 ns; Loc. = PIN_L21; Fanout = 4; PIN Node = 'req1[2]'
    Info: 2: + IC(0.482 ns) + CELL(0.545 ns) = 2.053 ns; Loc. = LCCOMB_X49_Y14_N0; Fanout = 2; COMB Node = 'code2bin:u1|b[0]~0'
    Info: 3: + IC(5.549 ns) + CELL(2.840 ns) = 10.442 ns; Loc. = PIN_H2; Fanout = 0; PIN Node = 'c1'
    Info: Total cell delay = 4.411 ns ( 42.24 % )
    Info: Total interconnect delay = 6.031 ns ( 57.76 % )
Info: Quartus II Classic Timing Analyzer was successful. 0 errors, 0 warnings
    Info: Peak virtual memory: 179 megabytes
    Info: Processing ended: Mon Feb 01 17:51:35 2016
    Info: Elapsed time: 00:00:00
    Info: Total CPU time (on all processors): 00:00:00


